******************************************************************************
                  TI ARM Linker PC v20.2.5                     
******************************************************************************
>> Linked Sat Apr 15 02:10:05 2023

OUTPUT FILE NAME:   <gpiointerrupt_CC3220S_LAUNCHXL_nortos_ccs.out>
ENTRY POINT SYMBOL: "resetISR"  address: 20011dd1


MEMORY CONFIGURATION

         name            origin    length      used     unused   attr    fill
----------------------  --------  ---------  --------  --------  ----  --------
  SRAM2                 20000000   00004000  0000130c  00002cf4  RW X
  SRAM                  20004000   0003c000  0000f41a  0002cbe6  RW X
  LOG_DATA              90000000   00040000  00000000  00040000  R   


SEGMENT ALLOCATION MAP

run origin  load origin   length   init length attrs members
----------  ----------- ---------- ----------- ----- -------
20003000    20003000    00001000   00000000    rw-
  20003000    20003000    00001000   00000000    rw- .stack
20004000    20004000    00000040   00000040    r--
  20004000    20004000    00000040   00000040    r-- .resetVecs
20004040    20004040    00008000   00000000    rw-
  20004040    20004040    00008000   00000000    rw- .sysmem
2000c040    2000c040    000062ce   000062ce    r-x
  2000c040    2000c040    000062ce   000062ce    r-x .text
20012310    20012310    0000069c   00000000    rw-
  20012310    20012310    0000069c   00000000    rw- .data
200129ac    200129ac    000004e0   000004e0    r--
  200129ac    200129ac    000004e0   000004e0    r-- .const
20012e90    20012e90    00000498   00000000    rw-
  20012e90    20012e90    00000498   00000000    rw- .bss
20013328    20013328    000000f8   000000f8    r--
  20013328    20013328    000000f8   000000f8    r-- .cinit


SECTION ALLOCATION MAP

 output                                  attributes/
section   page    origin      length       input sections
--------  ----  ----------  ----------   ----------------
.text      0    2000c040    000062ce     
                  2000c040    00000a4e     rtsv7M4_T_le_eabi.lib : _printfi.c.obj (.text:__TI_printfi)
                  2000ca8e    00000002     ti_drivers_config.obj (.text:Board_initHook)
                  2000ca90    0000042c     driverlib.a : prcm.obj (.text:PRCMCC3200MCUInit)
                  2000cebc    00000288     drivers_cc32xx.a : UARTCC32XX.oem4 (.text:UARTCC32XX_open)
                  2000d144    00000268     rtsv7M4_T_le_eabi.lib : _printfi.c.obj (.text:_pconv_a)
                  2000d3ac    000001cc                           : _printfi.c.obj (.text:_pconv_g)
                  2000d578    000001c8     gpiointerrupt.obj (.text:initI2C)
                  2000d740    000001b6     rtsv7M4_T_le_eabi.lib : fd_add_t2.asm.obj (.text)
                  2000d8f6    00000002     drivers_cc32xx.a : I2C.oem4 (.text:I2C_init)
                  2000d8f8    000001a0     nortos_cc32xx.a : PowerCC32XX_nortos.oem4 (.text:PowerCC32XX_sleepPolicy)
                  2000da98    00000154     drivers_cc32xx.a : GPIOCC32XX.oem4 (.text:GPIO_setConfig)
                  2000dbec    00000148                      : I2CCC32XX.oem4 (.text:I2CCC32XX_hwiFxn)
                  2000dd34    00000148                      : PowerCC32XX.oem4 (.text:parkPins)
                  2000de7c    0000013c     rtsv7M4_T_le_eabi.lib : _printfi.c.obj (.text:_pconv_e)
                  2000dfb8    00000138     drivers_cc32xx.a : PowerCC32XX.oem4 (.text:Power_sleep)
                  2000e0f0    00000138                      : TimerCC32XX.oem4 (.text:Timer_open)
                  2000e228    00000136     rtsv7M4_T_le_eabi.lib : fd_div_t2.asm.obj (.text)
                  2000e35e    00000002     nortos_cc32xx.a : PowerCC32XX_nortos.oem4 (.text:PowerCC32XX_initPolicy)
                  2000e360    00000128     gpiointerrupt.obj (.text:mainThread)
                  2000e488    00000122     drivers_cc32xx.a : I2C.oem4 (.text:I2C_transferTimeout)
                  2000e5aa    00000002     nortos_cc32xx.a : SemaphoreP_nortos.oem4 (.text:SemaphoreP_destruct)
                  2000e5ac    00000120     drivers_cc32xx.a : UARTCC32XX.oem4 (.text:UARTCC32XX_close)
                  2000e6cc    00000120     rtsv7M4_T_le_eabi.lib : _printfi.c.obj (.text:fcvt)
                  2000e7ec    00000100                           : memory.c.obj (.text:aligned_alloc)
                  2000e8ec    000000fc     drivers_cc32xx.a : I2CCC32XX.oem4 (.text:I2C_open)
                  2000e9e8    000000fc     rtsv7M4_T_le_eabi.lib : fd_mul_t2.asm.obj (.text)
                  2000eae4    000000f2     drivers_cc32xx.a : UARTCC32XX.oem4 (.text:UARTCC32XX_control)
                  2000ebd6    00000002                      : Timer.oem4 (.text:Timer_init)
                  2000ebd8    000000ec     gpiointerrupt.obj (.text:readTemp)
                  2000ecc4    000000e4     rtsv7M4_T_le_eabi.lib : memory.c.obj (.text:free)
                  2000eda8    000000d0                           : s_scalbn.c.obj (.text:scalbn)
                  2000ee78    000000ca     drivers_cc32xx.a : UARTCC32XX.oem4 (.text:UARTCC32XX_write)
                  2000ef42    00000002                      : UARTCC32XX.oem4 (.text:UARTCC32XX_init)
                  2000ef44    000000c0                      : PowerCC32XX.oem4 (.text:restoreParkedPins)
                  2000f004    000000ba                      : UARTCC32XX.oem4 (.text:UARTCC32XX_readPolling)
                  2000f0be    00000002     rtsv7M4_T_le_eabi.lib : _lock.c.obj (.text:_nop)
                  2000f0c0    000000b8     drivers_cc32xx.a : UARTCC32XX.oem4 (.text:initHw)
                  2000f178    000000b6                      : UARTCC32XX.oem4 (.text:readTaskCallback)
                  2000f22e    000000b2                      : I2CCC32XX.oem4 (.text:I2CCC32XX_completeTransfer)
                  2000f2e0    000000b1     rtsv7M4_T_le_eabi.lib : _printfi.c.obj (.text:_ltostr)
                  2000f391    00000001     --HOLE-- [fill = 0]
                  2000f392    000000b0     drivers_cc32xx.a : UARTCC32XX.oem4 (.text:readTaskBlocking)
                  2000f442    000000ae                      : UARTCC32XX.oem4 (.text:readIsrTextBlocking)
                  2000f4f0    000000a8                      : I2CCC32XX.oem4 (.text:I2CCC32XX_primeWriteBurst)
                  2000f598    000000a8     driverlib.a : interrupt.obj (.text:IntEnable)
                  2000f640    000000a8     drivers_cc32xx.a : PowerCC32XX.oem4 (.text:PowerCC32XX_configureWakeup)
                  2000f6e8    000000a2                      : UARTCC32XX.oem4 (.text:readIsrTextCallback)
                  2000f78a    000000a2                      : UARTCC32XX.oem4 (.text:writeData)
                  2000f82c    000000a0     nortos_cc32xx.a : SemaphoreP_nortos.oem4 (.text:SemaphoreP_pend)
                  2000f8cc    0000009c     drivers_cc32xx.a : I2CCC32XX.oem4 (.text:I2CCC32XX_initHw)
                  2000f968    0000009c     rtsv7M4_T_le_eabi.lib : memcpy_t2.asm.obj (.text)
                  2000fa04    00000096                           : ull_div_t2.asm.obj (.text)
                  2000fa9a    00000002     nortos_cc32xx.a : startup_cc32xx_ccs.oem4 (.text:busFaultHandler)
                  2000fa9c    00000090     drivers_cc32xx.a : GPIOCC32XX.oem4 (.text:GPIO_init)
                  2000fb2c    00000090                      : PowerCC32XX.oem4 (.text:restoreNVICRegs)
                  2000fbbc    0000008c     nortos_cc32xx.a : HwiPCC32XX_nortos.oem4 (.text:HwiP_construct)
                  2000fc48    00000088     driverlib.a : interrupt.obj (.text:IntPendSet)
                  2000fcd0    00000088                 : pin.obj (.text:PinConfigSet)
                  2000fd58    00000086     rtsv7M4_T_le_eabi.lib : fd_cmp_t2.asm.obj (.text:__aeabi_cdcmple)
                  2000fdde    00000086                           : fd_cmp_t2.asm.obj (.text:__aeabi_cdrcmple)
                  2000fe64    00000084     drivers_cc32xx.a : PowerCC32XX.oem4 (.text:Power_init)
                  2000fee8    00000084                      : PowerCC32XX.oem4 (.text:saveNVICRegs)
                  2000ff6c    00000080                      : GPIOCC32XX.oem4 (.text:GPIO_write)
                  2000ffec    00000080                      : PowerCC32XX.oem4 (.text:Power_setDependency)
                  2001006c    0000007c                      : UARTCC32XX.oem4 (.text:readIsrBinaryBlocking)
                  200100e8    0000007a                      : I2CCC32XX.oem4 (.text:I2CCC32XX_primeReadBurst)
                  20010162    0000007a     rtsv7M4_T_le_eabi.lib : fs_mul_t2.asm.obj (.text)
                  200101dc    0000007a                           : memset_t2.asm.obj (.text)
                  20010256    00000078     drivers_cc32xx.a : UARTCC32XX.oem4 (.text:readIsrBinaryCallback)
                  200102ce    00000074                      : UARTCC32XX.oem4 (.text:UARTCC32XX_hwiIntFxn)
                  20010342    00000002     nortos_cc32xx.a : SemaphoreP_nortos.oem4 (.text:clkFxn)
                  20010344    00000074     drivers_cc32xx.a : GPIOCC32XX.oem4 (.text:powerNotifyFxn)
                  200103b8    00000070     rtsv7M4_T_le_eabi.lib : memory.c.obj (.text:split)
                  20010428    0000006e                           : _printfi.c.obj (.text:_mcpy)
                  20010496    0000006a     drivers_cc32xx.a : I2CCC32XX.oem4 (.text:I2CSupport_primeTransfer)
                  20010500    00000068     rtsv7M4_T_le_eabi.lib : copy_decompress_lzss.c.obj (.text:decompress:lzss:__TI_decompress_lzss)
                  20010568    00000066     drivers_cc32xx.a : UARTCC32XX.oem4 (.text:UARTCC32XX_writeCancel)
                  200105ce    00000002     nortos_cc32xx.a : startup_cc32xx_ccs.oem4 (.text:defaultHandler)
                  200105d0    00000064     drivers_cc32xx.a : GPIOCC32XX.oem4 (.text:GPIO_setInterruptConfig)
                  20010634    00000064                      : PowerCC32XX.oem4 (.text:PowerCC32XX_setParkState)
                  20010698    00000062                      : UARTCC32XX.oem4 (.text:UARTCC32XX_writePolling)
                  200106fa    00000002     nortos_cc32xx.a : startup_cc32xx_ccs.oem4 (.text:faultISR)
                  200106fc    00000060     drivers_cc32xx.a : GPIOCC32XX.oem4 (.text:GPIO_hwiIntFxn)
                  2001075c    00000060     driverlib.a : prcm.obj (.text:PRCMSysResetCauseGet)
                  200107bc    0000005c     rtsv7M4_T_le_eabi.lib : s_frexp.c.obj (.text:frexp)
                  20010818    0000005c     nortos_cc32xx.a : ClockPSysTick_nortos.oem4 (.text:sysTickInit)
                  20010874    00000058     driverlib.a : prcm.obj (.text:PRCMPeripheralReset)
                  200108cc    00000058     drivers_cc32xx.a : PowerCC32XX.oem4 (.text:Power_releaseDependency)
                  20010924    00000056     rtsv7M4_T_le_eabi.lib : _printfi.c.obj (.text:_pconv_f)
                  2001097a    00000054                           : _ltoa.c.obj (.text:__TI_ltoa)
                  200109ce    00000054     drivers_cc32xx.a : UARTCC32XX.oem4 (.text:ringBufGet)
                  20010a22    00000052                      : PowerCC32XX_asm.oem4 (.text:PowerCC32XX_resumeLPDS)
                  20010a74    00000052     rtsv7M4_T_le_eabi.lib : _printfi.c.obj (.text:_ecpy)
                  20010ac6    00000052     drivers_cc32xx.a : TimerCC32XX.oem4 (.text:initHw)
                  20010b18    00000050     nortos_cc32xx.a : ClockPSysTick_nortos.oem4 (.text:ClockP_sysTickHandler)
                  20010b68    00000050                     : SemaphoreP_nortos.oem4 (.text:SemaphoreP_construct)
                  20010bb8    00000050     drivers_cc32xx.a : TimerCC32XX.oem4 (.text:TimerCC32XX_allocateTimerResource)
                  20010c08    0000004c                      : I2CCC32XX.oem4 (.text:I2CCC32XX_readRecieveFifo)
                  20010c54    0000004c                      : PowerCC32XX.oem4 (.text:PowerCC32XX_parkPin)
                  20010ca0    0000004c     rtsv7M4_T_le_eabi.lib : atoi.c.obj (.text:atoi)
                  20010cec    0000004c     drivers_cc32xx.a : PowerCC32XX.oem4 (.text:restorePeriphClocks)
                  20010d38    0000004c     rtsv7M4_T_le_eabi.lib : snprintf.c.obj (.text:snprintf)
                  20010d84    00000048     driverlib.a : flash.obj (.text:FlashDisable)
                  20010dcc    00000048     drivers_cc32xx.a : GPIOCC32XX.oem4 (.text:GPIO_disableInt)
                  20010e14    00000048                      : GPIOCC32XX.oem4 (.text:GPIO_enableInt)
                  20010e5c    00000048     driverlib.a : prcm.obj (.text:PRCMLPDSEnter)
                  20010ea4    00000048                 : prcm.obj (.text:PRCMPeripheralClkEnable)
                  20010eec    00000048     drivers_cc32xx.a : PowerCC32XX.oem4 (.text:Power_releaseConstraint)
                  20010f34    00000048     gpiointerrupt.obj (.text:initTimer)
                  20010f7c    00000048     rtsv7M4_T_le_eabi.lib : fd_toi_t2.asm.obj (.text)
                  20010fc4    00000046     drivers_cc32xx.a : RingBuf.oem4 (.text:RingBuf_put)
                  2001100a    00000046                      : TimerCC32XX.oem4 (.text:getPrescaler)
                  20011050    00000044     nortos_cc32xx.a : ClockPSysTick_nortos.oem4 (.text:ClockP_stop)
                  20011094    00000044     driverlib.a : prcm.obj (.text:PRCMLPDSRestoreInfoSet)
                  200110d8    00000044     drivers_cc32xx.a : PowerCC32XX_asm.oem4 (.text:PowerCC32XX_enterLPDS)
                  2001111c    00000044     nortos_cc32xx.a : SemaphoreP_nortos.oem4 (.text:SemaphoreP_post)
                  20011160    00000044                     : SwiP_nortos.oem4 (.text:SwiP_restore)
                  200111a4    00000044     drivers_cc32xx.a : Timer.oem4 (.text:Timer_start)
                  200111e8    00000044                      : UART.oem4 (.text:UART_init)
                  2001122c    00000044     rtsv7M4_T_le_eabi.lib : autoinit.c.obj (.text:__TI_auto_init_nobinit_nopinit:__TI_auto_init_nobinit_nopinit)
                  20011270    00000040     nortos_cc32xx.a : ClockPSysTick_nortos.oem4 (.text:ClockP_construct)
                  200112b0    00000040     driverlib.a : pin.obj (.text:PinModeSet)
                  200112f0    00000040     drivers_cc32xx.a : RingBuf.oem4 (.text:RingBuf_get)
                  20011330    00000040                      : TimerCC32XX.oem4 (.text:TimerSupport_timerEnable)
                  20011370    00000040                      : TimerCC32XX.oem4 (.text:Timer_close)
                  200113b0    00000040                      : UARTCC32XX.oem4 (.text:UARTCC32XX_read)
                  200113f0    00000040                      : UART.oem4 (.text:UART_open)
                  20011430    0000003e     rtsv7M4_T_le_eabi.lib : _printfi.c.obj (.text:_fcpy)
                  2001146e    00000002     nortos_cc32xx.a : startup_cc32xx_ccs.oem4 (.text:nmiISR)
                  20011470    0000003c                     : ClockPSysTick_nortos.oem4 (.text:ClockP_destruct)
                  200114ac    0000003c     drivers_cc32xx.a : PowerCC32XX.oem4 (.text:Power_setConstraint)
                  200114e8    0000003c     gpiointerrupt.obj (.text:initUART)
                  20011524    0000003a     nortos_cc32xx.a : PowerCC32XX_nortos.oem4 (.text:getCountsRTC)
                  2001155e    00000002     rtsv7M4_T_le_eabi.lib : div0.asm.obj (.text)
                  20011560    00000038     driverlib.a : prcm.obj (.text:PRCMLPDSEnterKeepDebugIf)
                  20011598    00000038     nortos_cc32xx.a : ClockPSysTick_nortos.oem4 (.text:addToList)
                  200115d0    00000038                     : startup_cc32xx_ccs.oem4 (.text:initVectors)
                  20011608    00000038     drivers_cc32xx.a : PowerCC32XX.oem4 (.text:notify)
                  20011640    00000038     rtsv7M4_T_le_eabi.lib : fs_toi_t2.asm.obj (.text)
                  20011678    00000038                           : i_tofs_t2.asm.obj (.text)
                  200116b0    00000036     driverlib.a : timer.obj (.text:TimerControlStall)
                  200116e6    00000036     drivers_cc32xx.a : Timer.oem4 (.text:Timer_stop)
                  2001171c    00000036                      : UARTCC32XX.oem4 (.text:UARTCC32XX_readCancel)
                  20011752    00000002     --HOLE-- [fill = 0]
                  20011754    00000034     nortos_cc32xx.a : ClockPSysTick_nortos.oem4 (.text:ClockP_getTicksUntilInterrupt)
                  20011788    00000034                     : ClockPSysTick_nortos.oem4 (.text:ClockP_startup)
                  200117bc    00000034     driverlib.a : pin.obj (.text:PinModeGet)
                  200117f0    00000034     drivers_cc32xx.a : PowerCC32XX.oem4 (.text:PowerCC32XX_restoreParkState)
                  20011824    00000034                      : TimerCC32XX.oem4 (.text:TimerCC32XX_freeTimerResource)
                  20011858    00000034                      : TimerCC32XX.oem4 (.text:TimerCC32XX_hwiIntFunction)
                  2001188c    00000034                      : TimerCC32XX.oem4 (.text:getPowerMgrId)
                  200118c0    00000030     nortos_cc32xx.a : ClockPSysTick_nortos.oem4 (.text:ClockP_start)
                  200118f0    00000030     drivers_cc32xx.a : PowerCC32XX.oem4 (.text:PowerCC32XX_restoreParkedPin)
                  20011920    00000030     rtsv7M4_T_le_eabi.lib : snprintf.c.obj (.text:_outs)
                  20011950    0000002e                           : i_tofd_t2.asm.obj (.text)
                  2001197e    00000002     --HOLE-- [fill = 0]
                  20011980    0000002c     drivers_cc32xx.a : PowerCC32XX.oem4 (.text:PowerCC32XX_getParkState)
                  200119ac    0000002a     nortos_cc32xx.a : HwiPCC32XX_nortos.oem4 (.text:HwiP_create)
                  200119d6    0000002a     driverlib.a : timer.obj (.text:TimerLoadSet)
                  20011a00    0000002a                 : timer.obj (.text:TimerPrescaleSet)
                  20011a2a    00000028                 : i2c.obj (.text:I2CFIFODataPutNonBlocking)
                  20011a52    00000002     --HOLE-- [fill = 0]
                  20011a54    00000028                 : prcm.obj (.text:PRCMPeripheralClkDisable)
                  20011a7c    00000028     drivers_cc32xx.a : PowerCC32XX.oem4 (.text:Power_registerNotify)
                  20011aa4    00000028     rtsv7M4_T_le_eabi.lib : memory.c.obj (.text:free_list_insert)
                  20011acc    00000026     driverlib.a : i2c.obj (.text:I2CFIFODataGetNonBlocking)
                  20011af2    00000026     drivers_cc32xx.a : I2C.oem4 (.text:I2C_cancel)
                  20011b18    00000026                      : List.oem4 (.text:List_put)
                  20011b3e    00000026                      : List.oem4 (.text:List_remove)
                  20011b64    00000024     nortos_cc32xx.a : HwiPCC32XX_nortos.oem4 (.text:HwiP_dispatch)
                  20011b88    00000024     drivers_cc32xx.a : PowerCC32XX.oem4 (.text:PowerCC32XX_reset)
                  20011bac    00000024                      : TimerCC32XX.oem4 (.text:TimerSupport_timerDisable)
                  20011bd0    00000024     rtsv7M4_T_le_eabi.lib : boot_cortex_m.c.obj (.text:_c_int00_noargs:_c_int00_noargs)
                  20011bf4    00000022     driverlib.a : i2c.obj (.text:I2CMasterSlaveAddrSet)
                  20011c16    00000020     nortos_cc32xx.a : HwiPCC32XX_nortos.oem4 (.text:HwiP_destruct)
                  20011c36    00000002     --HOLE-- [fill = 0]
                  20011c38    00000020     drivers_cc32xx.a : PowerCC32XX.oem4 (.text:Power_unregisterNotify)
                  20011c58    00000020                      : RingBuf.oem4 (.text:RingBuf_peek)
                  20011c78    00000020                      : UARTCC32XX.oem4 (.text:getPowerMgrId)
                  20011c98    0000001e     driverlib.a : i2c.obj (.text:I2CMasterIntStatusEx)
                  20011cb6    0000001e     nortos_cc32xx.a : SemaphoreP_nortos.oem4 (.text:SemaphoreP_constructBinary)
                  20011cd4    0000001e     driverlib.a : timer.obj (.text:TimerDisable)
                  20011cf2    0000001e                 : timer.obj (.text:TimerEnable)
                  20011d10    0000001c     drivers_cc32xx.a : GPIO.oem4 (.text:GPIO_setCallback)
                  20011d2c    0000001c     driverlib.a : pin.obj (.text:PinToPadGet)
                  20011d48    0000001c     nortos_cc32xx.a : SwiP_nortos.oem4 (.text:SwiP_disable)
                  20011d64    0000001c     rtsv7M4_T_le_eabi.lib : memory.c.obj (.text:free_list_remove)
                  20011d80    0000001c                           : memccpy.c.obj (.text:memccpy)
                  20011d9c    0000001a     nortos_cc32xx.a : ClockPSysTick_nortos.oem4 (.text:ClockP_create)
                  20011db6    0000001a                     : SemaphoreP_nortos.oem4 (.text:SemaphoreP_createBinary)
                  20011dd0    0000001a                     : startup_cc32xx_ccs.oem4 (.text:resetISR)
                  20011dea    00000018     driverlib.a : i2c.obj (.text:I2CMasterBusBusy)
                  20011e02    00000018                 : i2c.obj (.text:I2CMasterIntDisableEx)
                  20011e1a    00000018                 : i2c.obj (.text:I2CMasterIntEnableEx)
                  20011e32    00000018                 : i2c.obj (.text:I2CRxFIFOFlush)
                  20011e4a    00000018                 : i2c.obj (.text:I2CTxFIFOFlush)
                  20011e62    00000002     --HOLE-- [fill = 0]
                  20011e64    00000018     drivers_cc32xx.a : PowerCC32XX.oem4 (.text:Power_getTransitionLatency)
                  20011e7c    00000018                      : PowerCC32XX.oem4 (.text:Power_idleFunc)
                  20011e94    00000018     driverlib.a : timer.obj (.text:TimerIntDisable)
                  20011eac    00000018                 : timer.obj (.text:TimerIntEnable)
                  20011ec4    00000018                 : uart.obj (.text:UARTBusy)
                  20011edc    00000018                 : uart.obj (.text:UARTIntEnable)
                  20011ef4    00000018     drivers_cc32xx.a : UART.oem4 (.text:UART_Params_init)
                  20011f0c    00000018     rtsv7M4_T_le_eabi.lib : snprintf.c.obj (.text:_outc)
                  20011f24    00000018                           : ll_mul_t2.asm.obj (.text)
                  20011f3c    00000016     driverlib.a : i2c.obj (.text:I2CMasterBurstLengthSet)
                  20011f52    00000016                 : prcm.obj (.text:PRCMHIBRegRead)
                  20011f68    00000016                 : prcm.obj (.text:PRCMHIBRegWrite)
                  20011f7e    00000016     nortos_cc32xx.a : SemaphoreP_nortos.oem4 (.text:SemaphoreP_create)
                  20011f94    00000016     rtsv7M4_T_le_eabi.lib : strchr.c.obj (.text:strchr)
                  20011faa    00000014     ti_drivers_config.obj (.text:Board_init)
                  20011fbe    00000014     driverlib.a : cpu.obj (.text:CPUcpsid)
                  20011fd2    00000002     --HOLE-- [fill = 0]
                  20011fd4    00000014     nortos_cc32xx.a : HwiPCC32XX_nortos.oem4 (.text:HwiP_inISR)
                  20011fe8    00000014     drivers_cc32xx.a : I2CCC32XX.oem4 (.text:I2CSupport_masterFinish)
                  20011ffc    00000014                      : I2C.oem4 (.text:I2C_transfer)
                  20012010    00000014     driverlib.a : interrupt.obj (.text:IntVTableBaseSet)
                  20012024    00000014     drivers_cc32xx.a : PowerCC32XX.oem4 (.text:Power_disablePolicy)
                  20012038    00000014                      : PowerCC32XX.oem4 (.text:Power_getDependencyCount)
                  2001204c    00000014                      : UARTCC32XX.oem4 (.text:releasePowerConstraint)
                  20012060    00000014     rtsv7M4_T_le_eabi.lib : strlen.c.obj (.text:strlen)
                  20012074    00000012     nortos_cc32xx.a : HwiPCC32XX_nortos.oem4 (.text:HwiP_Params_init)
                  20012086    00000012     driverlib.a : i2c.obj (.text:I2CMasterIntClearEx)
                  20012098    00000012     drivers_cc32xx.a : RingBuf.oem4 (.text:RingBuf_construct)
                  200120aa    00000012     driverlib.a : timer.obj (.text:TimerIntClear)
                  200120bc    00000012     main_nortos.obj (.text:main)
                  200120ce    00000012     rtsv7M4_T_le_eabi.lib : wcslen.c.obj (.text:wcslen)
                  200120e0    00000010     nortos_cc32xx.a : ClockPSysTick_nortos.oem4 (.text:ClockP_add)
                  200120f0    00000010                     : ClockPSysTick_nortos.oem4 (.text:ClockP_delete)
                  20012100    00000010                     : ClockPSysTick_nortos.oem4 (.text:ClockP_getCpuFreq)
                  20012110    00000010                     : ClockPSysTick_nortos.oem4 (.text:ClockP_getSystemTicks)
                  20012120    00000010                     : ClockPSysTick_nortos.oem4 (.text:ClockP_setTicks)
                  20012130    00000010                     : HwiPCC32XX_nortos.oem4 (.text:HwiP_delete)
                  20012140    00000010                     : HwiPCC32XX_nortos.oem4 (.text:HwiP_restore)
                  20012150    00000010     driverlib.a : i2c.obj (.text:I2CFIFOStatus)
                  20012160    00000010     drivers_cc32xx.a : I2C.oem4 (.text:I2C_Params_init)
                  20012170    00000010                      : PowerCC32XX.oem4 (.text:Power_enablePolicy)
                  20012180    00000010     nortos_cc32xx.a : SemaphoreP_nortos.oem4 (.text:SemaphoreP_Params_init)
                  20012190    00000010     drivers_cc32xx.a : Timer.oem4 (.text:Timer_Params_init)
                  200121a0    00000010     gpiointerrupt.obj (.text:gpioButtonFxn0)
                  200121b0    00000010     gpiointerrupt.obj (.text:gpioButtonFxn1)
                  200121c0    00000010     drivers_cc32xx.a : UARTCC32XX.oem4 (.text:readBlockingTimeout)
                  200121d0    0000000e     nortos_cc32xx.a : HwiPCC32XX_nortos.oem4 (.text:HwiP_clearInterrupt)
                  200121de    0000000e                     : HwiPCC32XX_nortos.oem4 (.text:HwiP_disable)
                  200121ec    0000000e                     : HwiPCC32XX_nortos.oem4 (.text:HwiP_disableInterrupt)
                  200121fa    0000000e                     : HwiPCC32XX_nortos.oem4 (.text:HwiP_enable)
                  20012208    0000000e                     : HwiPCC32XX_nortos.oem4 (.text:HwiP_enableInterrupt)
                  20012216    0000000e     drivers_cc32xx.a : I2CCC32XX.oem4 (.text:I2CCC32XX_updateReg)
                  20012224    0000000e                      : RingBuf.oem4 (.text:RingBuf_isFull)
                  20012232    0000000e     rtsv7M4_T_le_eabi.lib : copy_decompress_none.c.obj (.text:decompress:none:__TI_decompress_none)
                  20012240    0000000c     drivers_cc32xx.a : I2CCC32XX.oem4 (.text:I2CCC32XX_postNotify)
                  2001224c    0000000c                      : PowerCC32XX.oem4 (.text:Power_getConstraintMask)
                  20012258    0000000c     rtsv7M4_T_le_eabi.lib : s_copysign.c.obj (.text:copysign)
                  20012264    0000000c                           : copy_zero_init.c.obj (.text:decompress:ZI:__TI_zero_init)
                  20012270    0000000c     drivers_cc32xx.a : TimerCC32XX.oem4 (.text:postNotifyFxn)
                  2001227c    0000000c                      : UARTCC32XX.oem4 (.text:postNotifyFxn)
                  20012288    0000000c     gpiointerrupt.obj (.text:timerCallback)
                  20012294    0000000a     nortos_cc32xx.a : ClockPSysTick_nortos.oem4 (.text:ClockP_Params_init)
                  2001229e    0000000a                     : ClockPSysTick_nortos.oem4 (.text:ClockP_isActive)
                  200122a8    0000000a     driverlib.a : interrupt.obj (.text:IntMasterDisable)
                  200122b2    0000000a     drivers_cc32xx.a : UART.oem4 (.text:UART_write)
                  200122bc    00000008                      : I2CCC32XX.oem4 (.text:I2CCC32XX_blockingCallback)
                  200122c4    00000008     rtsv7M4_T_le_eabi.lib : errno.c.obj (.text:__aeabi_errno_addr)
                  200122cc    00000008                           : memory.c.obj (.text:malloc)
                  200122d4    00000008     drivers_cc32xx.a : UARTCC32XX.oem4 (.text:readSemCallback)
                  200122dc    00000008                      : UARTCC32XX.oem4 (.text:writeSemCallback)
                  200122e4    00000006                      : I2CCC32XX.oem4 (.text:I2CSupport_powerRelConstraint)
                  200122ea    00000006                      : I2CCC32XX.oem4 (.text:I2CSupport_powerSetConstraint)
                  200122f0    00000006     driverlib.a : utils.obj (.text:UtilsDelay)
                  200122f6    00000004     nortos_cc32xx.a : ClockPSysTick_nortos.oem4 (.text:ClockP_doTick)
                  200122fa    00000004                     : ClockPSysTick_nortos.oem4 (.text:ClockP_setTimeout)
                  200122fe    00000004                     : HwiPCC32XX_nortos.oem4 (.text:HwiP_post)
                  20012302    00000004                     : SemaphoreP_nortos.oem4 (.text:SemaphoreP_delete)
                  20012306    00000004     rtsv7M4_T_le_eabi.lib : pre_init.c.obj (.text:_system_pre_init)
                  2001230a    00000004                           : exit.c.obj (.text:abort:abort)

.const     0    200129ac    000004e0     
                  200129ac    00000101     rtsv7M4_T_le_eabi.lib : ctype.c.obj (.const:.string:_ctypes_)
                  20012aad    00000003     --HOLE-- [fill = 0]
                  20012ab0    00000100     driverlib.a : pin.obj (.const:g_ulPinToPadMap)
                  20012bb0    000000a8                 : prcm.obj (.const:PRCM_PeriphRegsList)
                  20012c58    00000044     ti_drivers_config.obj (.const:PowerCC32XX_config)
                  20012c9c    00000028     drivers_cc32xx.a : UARTCC32XX.oem4 (.const:UARTCC32XX_fxnTable)
                  20012cc4    00000028                      : GPIOCC32XX.oem4 (.const:portConfigs)
                  20012cec    00000024                      : UART.oem4 (.const:UART_defaultParams)
                  20012d10    00000024     ti_drivers_config.obj (.const:uartCC32XXHWAttrs0)
                  20012d34    00000021     drivers_cc32xx.a : GPIOCC32XX.oem4 (.const:.string:pinTable)
                  20012d55    00000003     --HOLE-- [fill = 0]
                  20012d58    00000020                      : UARTCC32XX.oem4 (.const:staticFxnTable)
                  20012d78    00000018     driverlib.a : interrupt.obj (.const:g_pulEnRegs)
                  20012d90    00000018                 : interrupt.obj (.const:g_pulPendRegs)
                  20012da8    00000018     gpiointerrupt.obj (.const:sensors)
                  20012dc0    00000014     ti_drivers_config.obj (.const:i2cCC32XXHWAttrs)
                  20012dd4    00000014     drivers_cc32xx.a : UARTCC32XX.oem4 (.const:parityType)
                  20012de8    00000010     ti_drivers_config.obj (.const:GPIO_config)
                  20012df8    00000010     drivers_cc32xx.a : I2C.oem4 (.const:I2C_defaultParams)
                  20012e08    00000010                      : I2CCC32XX.oem4 (.const:I2C_defaultParams)
                  20012e18    00000010                      : UARTCC32XX.oem4 (.const:dataLength)
                  20012e28    00000010     ti_drivers_config.obj (.const:timerCC32XXHWAttrs)
                  20012e38    0000000c     gpiointerrupt.obj (.const:.string)
                  20012e44    0000000c     ti_drivers_config.obj (.const:UART_config)
                  20012e50    0000000c     drivers_cc32xx.a : Timer.oem4 (.const:defaultParams)
                  20012e5c    0000000c                      : TimerCC32XX.oem4 (.const:defaultParams)
                  20012e68    0000000b     ti_drivers_config.obj (.const)
                  20012e73    00000001     --HOLE-- [fill = 0]
                  20012e74    00000008     ti_drivers_config.obj (.const:I2C_config)
                  20012e7c    00000008     ti_drivers_config.obj (.const:Timer_config)
                  20012e84    00000008     drivers_cc32xx.a : UARTCC32XX.oem4 (.const:stopBits)

.cinit     0    20013328    000000f8     
                  20013328    000000d0     (.cinit..data.load) [load image, compression = lzss]
                  200133f8    0000000c     (__TI_handler_table)
                  20013404    00000004     --HOLE-- [fill = 0]
                  20013408    00000008     (.cinit..bss.load) [load image, compression = zero_init]
                  20013410    00000010     (__TI_cinit_table)

.init_array 
*          0    20004000    00000000     UNINITIALIZED

.ramVecs   0    20000000    0000030c     NOLOAD SECTION
                  20000000    0000030c     nortos_cc32xx.a : startup_cc32xx_ccs.oem4 (.ramVecs)

.stack     0    20003000    00001000     UNINITIALIZED
                  20003000    00000004     rtsv7M4_T_le_eabi.lib : boot_cortex_m.c.obj (.stack)
                  20003004    00000ffc     --HOLE--

.resetVecs 
*          0    20004000    00000040     
                  20004000    00000040     nortos_cc32xx.a : startup_cc32xx_ccs.oem4 (.resetVecs:retain)

.sysmem    0    20004040    00008000     UNINITIALIZED
                  20004040    00000010     rtsv7M4_T_le_eabi.lib : memory.c.obj (.sysmem)
                  20004050    00007ff0     --HOLE--

.data      0    20012310    0000069c     UNINITIALIZED
                  20012310    0000030c     nortos_cc32xx.a : HwiPCC32XX_nortos.oem4 (.data:HwiP_dispatchTable)
                  2001261c    0000016c     drivers_cc32xx.a : PowerCC32XX.oem4 (.data:PowerCC32XX_module)
                  20012788    000000f8     ti_drivers_config.obj (.data:parkInfo)
                  20012880    00000084     ti_drivers_config.obj (.data:gpioPinConfigs)
                  20012904    00000078     gpiointerrupt.obj (.data:$O1$$)
                  2001297c    00000008     rtsv7M4_T_le_eabi.lib : _lock.c.obj (.data:$O1$$)
                  20012984    00000008                           : memory.c.obj (.data:$O1$$)
                  2001298c    00000008     nortos_cc32xx.a : SemaphoreP_nortos.oem4 (.data:SemaphoreP_defaultParams)
                  20012994    00000008                     : HwiPCC32XX_nortos.oem4 (.data)
                  2001299c    00000005                     : ClockPSysTick_nortos.oem4 (.data)
                  200129a1    00000003                     : SemaphoreP_nortos.oem4 (.data)
                  200129a4    00000004     rtsv7M4_T_le_eabi.lib : errno.c.obj (.data)
                  200129a8    00000002     drivers_cc32xx.a : GPIOCC32XX.oem4 (.data)
                  200129aa    00000001                      : UART.oem4 (.data)
                  200129ab    00000001     gpiointerrupt.obj (.data)

.bss       0    20012e90    00000498     UNINITIALIZED
                  20012e90    0000012c     (.common:PowerCC32XX_contextSave)
                  20012fbc    000000fc     (.common:i2cCC32XXObjects)
                  200130b8    00000084     (.common:gpioCallbackFunctions)
                  2001313c    00000084     (.common:gpioUserArgs)
                  200131c0    00000084     (.common:timerCC32XXObjects)
                  20013244    00000084     (.common:uartCC32XXObjects0)
                  200132c8    00000020     ti_drivers_config.obj (.bss:uartCC32XXRingBuffer0)
                  200132e8    00000014     drivers_cc32xx.a : GPIOCC32XX.oem4 (.bss:powerNotifyObj)
                  200132fc    00000004                      : GPIOCC32XX.oem4 (.bss)
                  20013300    00000010     (.common:ClockP_ctrl)
                  20013310    0000000d     nortos_cc32xx.a : SwiP_nortos.oem4 (.bss)
                  2001331d    00000003     --HOLE--
                  20013320    00000004                     : ClockPSysTick_nortos.oem4 (.bss)
                  20013324    00000004     drivers_cc32xx.a : TimerCC32XX.oem4 (.bss:timerState)

.log_data 
*          0    90000000    00000000     COPY SECTION

__llvm_prf_cnts 
*          0    20004000    00000000     UNINITIALIZED

MODULE SUMMARY

       Module                       code    ro data   rw data
       ------                       ----    -------   -------
    .\
       gpiointerrupt.obj            1164    36        121    
       main_nortos.obj              18      0         0      
    +--+----------------------------+-------+---------+---------+
       Total:                       1182    36        121    
                                                             
    .\syscfg\
       ti_drivers_config.obj        22      195       1192   
    +--+----------------------------+-------+---------+---------+
       Total:                       22      195       1192   
                                                             
    C:/ti/simplelink_cc32xx_sdk_6_10_00_05/kernel/nortos/lib/ccs/m4/nortos_cc32xx.a
       HwiPCC32XX_nortos.oem4       394     0         788    
       startup_cc32xx_ccs.oem4      90      64        780    
       ClockPSysTick_nortos.oem4    706     0         25     
       PowerCC32XX_nortos.oem4      476     0         0      
       SemaphoreP_nortos.oem4       410     0         11     
       SwiP_nortos.oem4             96      0         13     
    +--+----------------------------+-------+---------+---------+
       Total:                       2172    64        1617   
                                                             
    C:/ti/simplelink_cc32xx_sdk_6_10_00_05/source/ti/devices/cc32xx/driverlib/ccs/Release/driverlib.a
       prcm.obj                     1604    168       0      
       pin.obj                      280     256       0      
       interrupt.obj                334     48        0      
       i2c.obj                      318     0         0      
       timer.obj                    264     0         0      
       flash.obj                    72      0         0      
       uart.obj                     48      0         0      
       cpu.obj                      20      0         0      
       utils.obj                    6       0         0      
    +--+----------------------------+-------+---------+---------+
       Total:                       2946    472       0      
                                                             
    C:/ti/simplelink_cc32xx_sdk_6_10_00_05/source/ti/drivers/lib/ccs/m4/drivers_cc32xx.a
       UARTCC32XX.oem4              3466    116       0      
       PowerCC32XX.oem4             2432    0         664    
       I2CCC32XX.oem4               1452    16        0      
       GPIOCC32XX.oem4              1068    73        26     
       TimerCC32XX.oem4             876     12        4      
       I2C.oem4                     366     16        0      
       UART.oem4                    166     36        1      
       RingBuf.oem4                 198     0         0      
       Timer.oem4                   140     12        0      
       PowerCC32XX_asm.oem4         150     0         0      
       List.oem4                    76      0         0      
       GPIO.oem4                    28      0         0      
    +--+----------------------------+-------+---------+---------+
       Total:                       10418   281       695    
                                                             
    C:\ti\ccs1040\ccs\tools\compiler\ti-cgt-arm_20.2.5.LTS\lib\rtsv7M4_T_le_eabi.lib
       _printfi.c.obj               4835    0         0      
       memory.c.obj                 672     0         8      
       fd_add_t2.asm.obj            438     0         0      
       fd_div_t2.asm.obj            310     0         0      
       fd_cmp_t2.asm.obj            268     0         0      
       ctype.c.obj                  0       257       0      
       fd_mul_t2.asm.obj            252     0         0      
       s_scalbn.c.obj               208     0         0      
       memcpy_t2.asm.obj            156     0         0      
       ull_div_t2.asm.obj           150     0         0      
       snprintf.c.obj               148     0         0      
       fs_mul_t2.asm.obj            122     0         0      
       memset_t2.asm.obj            122     0         0      
       copy_decompress_lzss.c.obj   104     0         0      
       s_frexp.c.obj                92      0         0      
       _ltoa.c.obj                  84      0         0      
       atoi.c.obj                   76      0         0      
       fd_toi_t2.asm.obj            72      0         0      
       autoinit.c.obj               68      0         0      
       fs_toi_t2.asm.obj            56      0         0      
       i_tofs_t2.asm.obj            56      0         0      
       i_tofd_t2.asm.obj            46      0         0      
       boot_cortex_m.c.obj          36      0         0      
       memccpy.c.obj                28      0         0      
       ll_mul_t2.asm.obj            24      0         0      
       strchr.c.obj                 22      0         0      
       strlen.c.obj                 20      0         0      
       wcslen.c.obj                 18      0         0      
       copy_decompress_none.c.obj   14      0         0      
       copy_zero_init.c.obj         12      0         0      
       errno.c.obj                  8       0         4      
       s_copysign.c.obj             12      0         0      
       _lock.c.obj                  2       0         8      
       exit.c.obj                   4       0         0      
       pre_init.c.obj               4       0         0      
       div0.asm.obj                 2       0         0      
    +--+----------------------------+-------+---------+---------+
       Total:                       8541    257       20     
                                                             
       Heap:                        0       0         32768  
       Stack:                       0       0         4096   
       Linker Generated:            0       244       0      
    +--+----------------------------+-------+---------+---------+
       Grand Total:                 25281   1549      40509  


LINKER GENERATED COPY TABLES

__TI_cinit_table @ 20013410 records: 2, size/record: 8, table size: 16
	.data: load addr=20013328, load size=000000d0 bytes, run addr=20012310, run size=0000069c bytes, compression=lzss
	.bss: load addr=20013408, load size=00000008 bytes, run addr=20012e90, run size=00000498 bytes, compression=zero_init


LINKER GENERATED HANDLER TABLE

__TI_handler_table @ 200133f8 records: 3, size/record: 4, table size: 12
	index: 0, handler: __TI_decompress_lzss
	index: 1, handler: __TI_decompress_none
	index: 2, handler: __TI_zero_init


GLOBAL SYMBOLS: SORTED ALPHABETICALLY BY Name 

address   name                             
-------   ----                             
20011fab  Board_init                       
2000ca8f  Board_initHook                   
2001230b  C$$EXIT                          
20012e6a  CONFIG_GPIO_BUTTON_0_CONST       
20012e6b  CONFIG_GPIO_BUTTON_1_CONST       
20012e6c  CONFIG_GPIO_LED_0_CONST          
20012e6d  CONFIG_I2C_0_CONST               
20012e6f  CONFIG_TIMER_0_CONST             
20012e71  CONFIG_UART_0_CONST              
20011fbf  CPUcpsid                         
20012295  ClockP_Params_init               
200120e1  ClockP_add                       
20011271  ClockP_construct                 
20011d9d  ClockP_create                    
20013300  ClockP_ctrl                      
200120f1  ClockP_delete                    
20011471  ClockP_destruct                  
200122f7  ClockP_doTick                    
20012101  ClockP_getCpuFreq                
20012111  ClockP_getSystemTicks            
20011755  ClockP_getTicksUntilInterrupt    
2001229f  ClockP_isActive                  
20012121  ClockP_setTicks                  
200122fb  ClockP_setTimeout                
200118c1  ClockP_start                     
20011789  ClockP_startup                   
20011051  ClockP_stop                      
20010b19  ClockP_sysTickHandler            
2001299c  ClockP_tickPeriod                
20010d85  FlashDisable                     
20012de8  GPIO_config                      
20010dcd  GPIO_disableInt                  
20010e15  GPIO_enableInt                   
200106fd  GPIO_hwiIntFxn                   
2000fa9d  GPIO_init                        
20012e68  GPIO_pinLowerBound               
20012e69  GPIO_pinUpperBound               
20011d11  GPIO_setCallback                 
2000da99  GPIO_setConfig                   
200105d1  GPIO_setInterruptConfig          
2000ff6d  GPIO_write                       
20012075  HwiP_Params_init                 
200121d1  HwiP_clearInterrupt              
2000fbbd  HwiP_construct                   
200119ad  HwiP_create                      
20012131  HwiP_delete                      
20011c17  HwiP_destruct                    
200121df  HwiP_disable                     
200121ed  HwiP_disableInterrupt            
20011b65  HwiP_dispatch                    
200121fb  HwiP_enable                      
20012209  HwiP_enableInterrupt             
20011fd5  HwiP_inISR                       
20012994  HwiP_key                         
200122ff  HwiP_post                        
20012141  HwiP_restore                     
20012998  HwiP_swiPIntNum                  
20011acd  I2CFIFODataGetNonBlocking        
20011a2b  I2CFIFODataPutNonBlocking        
20012151  I2CFIFOStatus                    
20011f3d  I2CMasterBurstLengthSet          
20011deb  I2CMasterBusBusy                 
20012087  I2CMasterIntClearEx              
20011e03  I2CMasterIntDisableEx            
20011e1b  I2CMasterIntEnableEx             
20011c99  I2CMasterIntStatusEx             
20011bf5  I2CMasterSlaveAddrSet            
20011e33  I2CRxFIFOFlush                   
20011fe9  I2CSupport_masterFinish          
200122e5  I2CSupport_powerRelConstraint    
200122eb  I2CSupport_powerSetConstraint    
20010497  I2CSupport_primeTransfer         
20011e4b  I2CTxFIFOFlush                   
20012161  I2C_Params_init                  
20011af3  I2C_cancel                       
20012e74  I2C_config                       
20012e6e  I2C_count                        
20012df8  I2C_defaultParams                
2000d8f7  I2C_init                         
2000e8ed  I2C_open                         
20011ffd  I2C_transfer                     
2000e489  I2C_transferTimeout              
UNDEFED   ITM_flush                        
UNDEFED   ITM_restore                      
2000f599  IntEnable                        
200122a9  IntMasterDisable                 
2000fc49  IntPendSet                       
20012011  IntVTableBaseSet                 
20011b19  List_put                         
20011b3f  List_remove                      
200121fb  NoRTOS_start                     
2000ca91  PRCMCC3200MCUInit                
20011f53  PRCMHIBRegRead                   
20011f69  PRCMHIBRegWrite                  
20010e5d  PRCMLPDSEnter                    
20011561  PRCMLPDSEnterKeepDebugIf         
20011095  PRCMLPDSRestoreInfoSet           
20011a55  PRCMPeripheralClkDisable         
20010ea5  PRCMPeripheralClkEnable          
20010875  PRCMPeripheralReset              
2001075d  PRCMSysResetCauseGet             
2000fcd1  PinConfigSet                     
200117bd  PinModeGet                       
200112b1  PinModeSet                       
20011d2d  PinToPadGet                      
20012c58  PowerCC32XX_config               
2000f641  PowerCC32XX_configureWakeup      
20012e90  PowerCC32XX_contextSave          
200110d9  PowerCC32XX_enterLPDS            
20011981  PowerCC32XX_getParkState         
2000e35f  PowerCC32XX_initPolicy           
2001261c  PowerCC32XX_module               
20010c55  PowerCC32XX_parkPin              
20011b89  PowerCC32XX_reset                
200117f1  PowerCC32XX_restoreParkState     
200118f1  PowerCC32XX_restoreParkedPin     
20010a23  PowerCC32XX_resumeLPDS           
20010635  PowerCC32XX_setParkState         
2000d8f9  PowerCC32XX_sleepPolicy          
20012025  Power_disablePolicy              
20012171  Power_enablePolicy               
2001224d  Power_getConstraintMask          
20012039  Power_getDependencyCount         
20011e65  Power_getTransitionLatency       
20011e7d  Power_idleFunc                   
2000fe65  Power_init                       
20011a7d  Power_registerNotify             
20010eed  Power_releaseConstraint          
200108cd  Power_releaseDependency          
200114ad  Power_setConstraint              
2000ffed  Power_setDependency              
2000dfb9  Power_sleep                      
20011c39  Power_unregisterNotify           
20012099  RingBuf_construct                
200112f1  RingBuf_get                      
20012225  RingBuf_isFull                   
20011c59  RingBuf_peek                     
20010fc5  RingBuf_put                      
20012181  SemaphoreP_Params_init           
20010b69  SemaphoreP_construct             
20011cb7  SemaphoreP_constructBinary       
20011f7f  SemaphoreP_create                
20011db7  SemaphoreP_createBinary          
2001298c  SemaphoreP_defaultParams         
20012303  SemaphoreP_delete                
2000e5ab  SemaphoreP_destruct              
2000f82d  SemaphoreP_pend                  
2001111d  SemaphoreP_post                  
20011d49  SwiP_disable                     
20011161  SwiP_restore                     
20010bb9  TimerCC32XX_allocateTimerResource
20011825  TimerCC32XX_freeTimerResource    
200116b1  TimerControlStall                
20011cd5  TimerDisable                     
20011cf3  TimerEnable                      
200129ab  TimerFlag                        
200120ab  TimerIntClear                    
20011e95  TimerIntDisable                  
20011ead  TimerIntEnable                   
200119d7  TimerLoadSet                     
20011a01  TimerPrescaleSet                 
20011bad  TimerSupport_timerDisable        
20011331  TimerSupport_timerEnable         
20012191  Timer_Params_init                
20011371  Timer_close                      
20012e7c  Timer_config                     
20012e70  Timer_count                      
2000ebd7  Timer_init                       
2000e0f1  Timer_open                       
200111a5  Timer_start                      
200116e7  Timer_stop                       
20011ec5  UARTBusy                         
2000e5ad  UARTCC32XX_close                 
2000eae5  UARTCC32XX_control               
20012c9c  UARTCC32XX_fxnTable              
2000ef43  UARTCC32XX_init                  
2000cebd  UARTCC32XX_open                  
200113b1  UARTCC32XX_read                  
2001171d  UARTCC32XX_readCancel            
2000f005  UARTCC32XX_readPolling           
2000ee79  UARTCC32XX_write                 
20010569  UARTCC32XX_writeCancel           
20010699  UARTCC32XX_writePolling          
20011edd  UARTIntEnable                    
20011ef5  UART_Params_init                 
20012e44  UART_config                      
20012e72  UART_count                       
20012cec  UART_defaultParams               
200111e9  UART_init                        
200113f1  UART_open                        
200122b3  UART_write                       
200122f1  UtilsDelay                       
20004000  __STACK_END                      
00001000  __STACK_SIZE                     
00008000  __SYSMEM_SIZE                    
20013410  __TI_CINIT_Base                  
20013420  __TI_CINIT_Limit                 
200133f8  __TI_Handler_Table_Base          
20013404  __TI_Handler_Table_Limit         
2001122d  __TI_auto_init_nobinit_nopinit   
20010501  __TI_decompress_lzss             
20012233  __TI_decompress_none             
2001097b  __TI_ltoa                        
ffffffff  __TI_pprof_out_hndl              
2000c041  __TI_printfi                     
ffffffff  __TI_prof_data_size              
ffffffff  __TI_prof_data_start             
20013328  __TI_static_base__               
20012265  __TI_zero_init                   
2000fd59  __aeabi_cdcmpeq                  
2000fd59  __aeabi_cdcmple                  
2000fddf  __aeabi_cdrcmple                 
20010f7d  __aeabi_d2iz                     
2000d74b  __aeabi_dadd                     
2000e229  __aeabi_ddiv                     
2000e9e9  __aeabi_dmul                     
2000d741  __aeabi_dsub                     
200122c5  __aeabi_errno_addr               
20011641  __aeabi_f2iz                     
20010163  __aeabi_fmul                     
20011951  __aeabi_i2d                      
20011679  __aeabi_i2f                      
2001155f  __aeabi_idiv0                    
2001155f  __aeabi_ldiv0                    
20011f25  __aeabi_lmul                     
200101dd  __aeabi_memclr                   
200101dd  __aeabi_memclr4                  
200101dd  __aeabi_memclr8                  
2000f969  __aeabi_memcpy                   
2000f969  __aeabi_memcpy4                  
2000f969  __aeabi_memcpy8                  
200101df  __aeabi_memset                   
200101df  __aeabi_memset4                  
200101df  __aeabi_memset8                  
2000fa05  __aeabi_uldivmod                 
ffffffff  __binit__                        
ffffffff  __c_args__                       
UNDEFED   __mpu_init                       
20003000  __stack                          
20004000  __start___llvm_prf_cnts          
20004000  __stop___llvm_prf_cnts           
20011bd1  _c_int00_noargs                  
200129ac  _ctypes_                         
2001297c  _lock                            
2000f0bf  _nop                             
20004040  _sys_memory                      
UNDEFED   _system_post_cinit               
20012307  _system_pre_init                 
20012980  _unlock                          
2001230b  abort                            
2000e7ed  aligned_alloc                    
20010ca1  atoi                             
ffffffff  binit                            
20010343  clkFxn                           
20012259  copysign                         
20012259  copysignl                        
200129a4  errno                            
2000ecc5  free                             
200107bd  frexp                            
200107bd  frexpl                           
200121a1  gpioButtonFxn0                   
200121b1  gpioButtonFxn1                   
200130b8  gpioCallbackFunctions            
20012880  gpioPinConfigs                   
2001313c  gpioUserArgs                     
20012914  i2c                              
20012dc0  i2cCC32XXHWAttrs                 
20012fbc  i2cCC32XXObjects                 
2001291c  i2cTransaction                   
2000d579  initI2C                          
20010f35  initTimer                        
200114e9  initUART                         
200115d1  initVectors                      
2000eda9  ldexp                            
2000eda9  ldexpl                           
20012908  leftButton                       
200120bd  main                             
2000e361  mainThread                       
200122cd  malloc                           
2000e7ed  memalign                         
20011d81  memccpy                          
2000f969  memcpy                           
200101e5  memset                           
2001293c  output                           
20012788  parkInfo                         
2000ebd9  readTemp                         
20011dd1  resetISR                         
20011de4  resetVectorAddr                  
20004000  resetVectors                     
2001290c  rightButton                      
20012905  rxBuffer                         
2000eda9  scalbn                           
2000eda9  scalbnl                          
20010d39  snprintf                         
20011f95  strchr                           
20012061  strlen                           
20012918  timer0                           
20012e28  timerCC32XXHWAttrs               
200131c0  timerCC32XXObjects               
20012289  timerCallback                    
20012904  txBuffer                         
20012910  uart                             
20013244  uartCC32XXObjects0               
200120cf  wcslen                           


GLOBAL SYMBOLS: SORTED BY Symbol Address 

address   name                             
-------   ----                             
00001000  __STACK_SIZE                     
00008000  __SYSMEM_SIZE                    
20003000  __stack                          
20004000  __STACK_END                      
20004000  __start___llvm_prf_cnts          
20004000  __stop___llvm_prf_cnts           
20004000  resetVectors                     
20004040  _sys_memory                      
2000c041  __TI_printfi                     
2000ca8f  Board_initHook                   
2000ca91  PRCMCC3200MCUInit                
2000cebd  UARTCC32XX_open                  
2000d579  initI2C                          
2000d741  __aeabi_dsub                     
2000d74b  __aeabi_dadd                     
2000d8f7  I2C_init                         
2000d8f9  PowerCC32XX_sleepPolicy          
2000da99  GPIO_setConfig                   
2000dfb9  Power_sleep                      
2000e0f1  Timer_open                       
2000e229  __aeabi_ddiv                     
2000e35f  PowerCC32XX_initPolicy           
2000e361  mainThread                       
2000e489  I2C_transferTimeout              
2000e5ab  SemaphoreP_destruct              
2000e5ad  UARTCC32XX_close                 
2000e7ed  aligned_alloc                    
2000e7ed  memalign                         
2000e8ed  I2C_open                         
2000e9e9  __aeabi_dmul                     
2000eae5  UARTCC32XX_control               
2000ebd7  Timer_init                       
2000ebd9  readTemp                         
2000ecc5  free                             
2000eda9  ldexp                            
2000eda9  ldexpl                           
2000eda9  scalbn                           
2000eda9  scalbnl                          
2000ee79  UARTCC32XX_write                 
2000ef43  UARTCC32XX_init                  
2000f005  UARTCC32XX_readPolling           
2000f0bf  _nop                             
2000f599  IntEnable                        
2000f641  PowerCC32XX_configureWakeup      
2000f82d  SemaphoreP_pend                  
2000f969  __aeabi_memcpy                   
2000f969  __aeabi_memcpy4                  
2000f969  __aeabi_memcpy8                  
2000f969  memcpy                           
2000fa05  __aeabi_uldivmod                 
2000fa9d  GPIO_init                        
2000fbbd  HwiP_construct                   
2000fc49  IntPendSet                       
2000fcd1  PinConfigSet                     
2000fd59  __aeabi_cdcmpeq                  
2000fd59  __aeabi_cdcmple                  
2000fddf  __aeabi_cdrcmple                 
2000fe65  Power_init                       
2000ff6d  GPIO_write                       
2000ffed  Power_setDependency              
20010163  __aeabi_fmul                     
200101dd  __aeabi_memclr                   
200101dd  __aeabi_memclr4                  
200101dd  __aeabi_memclr8                  
200101df  __aeabi_memset                   
200101df  __aeabi_memset4                  
200101df  __aeabi_memset8                  
200101e5  memset                           
20010343  clkFxn                           
20010497  I2CSupport_primeTransfer         
20010501  __TI_decompress_lzss             
20010569  UARTCC32XX_writeCancel           
200105d1  GPIO_setInterruptConfig          
20010635  PowerCC32XX_setParkState         
20010699  UARTCC32XX_writePolling          
200106fd  GPIO_hwiIntFxn                   
2001075d  PRCMSysResetCauseGet             
200107bd  frexp                            
200107bd  frexpl                           
20010875  PRCMPeripheralReset              
200108cd  Power_releaseDependency          
2001097b  __TI_ltoa                        
20010a23  PowerCC32XX_resumeLPDS           
20010b19  ClockP_sysTickHandler            
20010b69  SemaphoreP_construct             
20010bb9  TimerCC32XX_allocateTimerResource
20010c55  PowerCC32XX_parkPin              
20010ca1  atoi                             
20010d39  snprintf                         
20010d85  FlashDisable                     
20010dcd  GPIO_disableInt                  
20010e15  GPIO_enableInt                   
20010e5d  PRCMLPDSEnter                    
20010ea5  PRCMPeripheralClkEnable          
20010eed  Power_releaseConstraint          
20010f35  initTimer                        
20010f7d  __aeabi_d2iz                     
20010fc5  RingBuf_put                      
20011051  ClockP_stop                      
20011095  PRCMLPDSRestoreInfoSet           
200110d9  PowerCC32XX_enterLPDS            
2001111d  SemaphoreP_post                  
20011161  SwiP_restore                     
200111a5  Timer_start                      
200111e9  UART_init                        
2001122d  __TI_auto_init_nobinit_nopinit   
20011271  ClockP_construct                 
200112b1  PinModeSet                       
200112f1  RingBuf_get                      
20011331  TimerSupport_timerEnable         
20011371  Timer_close                      
200113b1  UARTCC32XX_read                  
200113f1  UART_open                        
20011471  ClockP_destruct                  
200114ad  Power_setConstraint              
200114e9  initUART                         
2001155f  __aeabi_idiv0                    
2001155f  __aeabi_ldiv0                    
20011561  PRCMLPDSEnterKeepDebugIf         
200115d1  initVectors                      
20011641  __aeabi_f2iz                     
20011679  __aeabi_i2f                      
200116b1  TimerControlStall                
200116e7  Timer_stop                       
2001171d  UARTCC32XX_readCancel            
20011755  ClockP_getTicksUntilInterrupt    
20011789  ClockP_startup                   
200117bd  PinModeGet                       
200117f1  PowerCC32XX_restoreParkState     
20011825  TimerCC32XX_freeTimerResource    
200118c1  ClockP_start                     
200118f1  PowerCC32XX_restoreParkedPin     
20011951  __aeabi_i2d                      
20011981  PowerCC32XX_getParkState         
200119ad  HwiP_create                      
200119d7  TimerLoadSet                     
20011a01  TimerPrescaleSet                 
20011a2b  I2CFIFODataPutNonBlocking        
20011a55  PRCMPeripheralClkDisable         
20011a7d  Power_registerNotify             
20011acd  I2CFIFODataGetNonBlocking        
20011af3  I2C_cancel                       
20011b19  List_put                         
20011b3f  List_remove                      
20011b65  HwiP_dispatch                    
20011b89  PowerCC32XX_reset                
20011bad  TimerSupport_timerDisable        
20011bd1  _c_int00_noargs                  
20011bf5  I2CMasterSlaveAddrSet            
20011c17  HwiP_destruct                    
20011c39  Power_unregisterNotify           
20011c59  RingBuf_peek                     
20011c99  I2CMasterIntStatusEx             
20011cb7  SemaphoreP_constructBinary       
20011cd5  TimerDisable                     
20011cf3  TimerEnable                      
20011d11  GPIO_setCallback                 
20011d2d  PinToPadGet                      
20011d49  SwiP_disable                     
20011d81  memccpy                          
20011d9d  ClockP_create                    
20011db7  SemaphoreP_createBinary          
20011dd1  resetISR                         
20011de4  resetVectorAddr                  
20011deb  I2CMasterBusBusy                 
20011e03  I2CMasterIntDisableEx            
20011e1b  I2CMasterIntEnableEx             
20011e33  I2CRxFIFOFlush                   
20011e4b  I2CTxFIFOFlush                   
20011e65  Power_getTransitionLatency       
20011e7d  Power_idleFunc                   
20011e95  TimerIntDisable                  
20011ead  TimerIntEnable                   
20011ec5  UARTBusy                         
20011edd  UARTIntEnable                    
20011ef5  UART_Params_init                 
20011f25  __aeabi_lmul                     
20011f3d  I2CMasterBurstLengthSet          
20011f53  PRCMHIBRegRead                   
20011f69  PRCMHIBRegWrite                  
20011f7f  SemaphoreP_create                
20011f95  strchr                           
20011fab  Board_init                       
20011fbf  CPUcpsid                         
20011fd5  HwiP_inISR                       
20011fe9  I2CSupport_masterFinish          
20011ffd  I2C_transfer                     
20012011  IntVTableBaseSet                 
20012025  Power_disablePolicy              
20012039  Power_getDependencyCount         
20012061  strlen                           
20012075  HwiP_Params_init                 
20012087  I2CMasterIntClearEx              
20012099  RingBuf_construct                
200120ab  TimerIntClear                    
200120bd  main                             
200120cf  wcslen                           
200120e1  ClockP_add                       
200120f1  ClockP_delete                    
20012101  ClockP_getCpuFreq                
20012111  ClockP_getSystemTicks            
20012121  ClockP_setTicks                  
20012131  HwiP_delete                      
20012141  HwiP_restore                     
20012151  I2CFIFOStatus                    
20012161  I2C_Params_init                  
20012171  Power_enablePolicy               
20012181  SemaphoreP_Params_init           
20012191  Timer_Params_init                
200121a1  gpioButtonFxn0                   
200121b1  gpioButtonFxn1                   
200121d1  HwiP_clearInterrupt              
200121df  HwiP_disable                     
200121ed  HwiP_disableInterrupt            
200121fb  HwiP_enable                      
200121fb  NoRTOS_start                     
20012209  HwiP_enableInterrupt             
20012225  RingBuf_isFull                   
20012233  __TI_decompress_none             
2001224d  Power_getConstraintMask          
20012259  copysign                         
20012259  copysignl                        
20012265  __TI_zero_init                   
20012289  timerCallback                    
20012295  ClockP_Params_init               
2001229f  ClockP_isActive                  
200122a9  IntMasterDisable                 
200122b3  UART_write                       
200122c5  __aeabi_errno_addr               
200122cd  malloc                           
200122e5  I2CSupport_powerRelConstraint    
200122eb  I2CSupport_powerSetConstraint    
200122f1  UtilsDelay                       
200122f7  ClockP_doTick                    
200122fb  ClockP_setTimeout                
200122ff  HwiP_post                        
20012303  SemaphoreP_delete                
20012307  _system_pre_init                 
2001230b  C$$EXIT                          
2001230b  abort                            
2001261c  PowerCC32XX_module               
20012788  parkInfo                         
20012880  gpioPinConfigs                   
20012904  txBuffer                         
20012905  rxBuffer                         
20012908  leftButton                       
2001290c  rightButton                      
20012910  uart                             
20012914  i2c                              
20012918  timer0                           
2001291c  i2cTransaction                   
2001293c  output                           
2001297c  _lock                            
20012980  _unlock                          
2001298c  SemaphoreP_defaultParams         
20012994  HwiP_key                         
20012998  HwiP_swiPIntNum                  
2001299c  ClockP_tickPeriod                
200129a4  errno                            
200129ab  TimerFlag                        
200129ac  _ctypes_                         
20012c58  PowerCC32XX_config               
20012c9c  UARTCC32XX_fxnTable              
20012cec  UART_defaultParams               
20012dc0  i2cCC32XXHWAttrs                 
20012de8  GPIO_config                      
20012df8  I2C_defaultParams                
20012e28  timerCC32XXHWAttrs               
20012e44  UART_config                      
20012e68  GPIO_pinLowerBound               
20012e69  GPIO_pinUpperBound               
20012e6a  CONFIG_GPIO_BUTTON_0_CONST       
20012e6b  CONFIG_GPIO_BUTTON_1_CONST       
20012e6c  CONFIG_GPIO_LED_0_CONST          
20012e6d  CONFIG_I2C_0_CONST               
20012e6e  I2C_count                        
20012e6f  CONFIG_TIMER_0_CONST             
20012e70  Timer_count                      
20012e71  CONFIG_UART_0_CONST              
20012e72  UART_count                       
20012e74  I2C_config                       
20012e7c  Timer_config                     
20012e90  PowerCC32XX_contextSave          
20012fbc  i2cCC32XXObjects                 
200130b8  gpioCallbackFunctions            
2001313c  gpioUserArgs                     
200131c0  timerCC32XXObjects               
20013244  uartCC32XXObjects0               
20013300  ClockP_ctrl                      
20013328  __TI_static_base__               
200133f8  __TI_Handler_Table_Base          
20013404  __TI_Handler_Table_Limit         
20013410  __TI_CINIT_Base                  
20013420  __TI_CINIT_Limit                 
ffffffff  __TI_pprof_out_hndl              
ffffffff  __TI_prof_data_size              
ffffffff  __TI_prof_data_start             
ffffffff  __binit__                        
ffffffff  __c_args__                       
ffffffff  binit                            
UNDEFED   ITM_flush                        
UNDEFED   ITM_restore                      
UNDEFED   __mpu_init                       
UNDEFED   _system_post_cinit               

[304 symbols]
